CREATE EXTENSION referee;
SELECT * FROM referee.decision;
 key | node_id 
-----+---------
(0 rows)

SELECT referee.get_winner(1);
 get_winner 
------------
          1
(1 row)

SELECT referee.get_winner(2);
 get_winner 
------------
          1
(1 row)

SELECT referee.get_winner(4);
 get_winner 
------------
          1
(1 row)

SELECT referee.get_winner(1);
 get_winner 
------------
          1
(1 row)

SELECT * FROM referee.decision;
  key   | node_id 
--------+---------
 winner |       1
(1 row)

SELECT referee.clean();
 clean 
-------
 t
(1 row)

SELECT referee.get_winner(4);
 get_winner 
------------
          4
(1 row)

SELECT referee.get_winner(2);
 get_winner 
------------
          4
(1 row)

SELECT referee.get_winner(1);
 get_winner 
------------
          4
(1 row)

SELECT referee.get_winner(4);
 get_winner 
------------
          4
(1 row)

SELECT * FROM referee.decision;
  key   | node_id 
--------+---------
 winner |       4
(1 row)

SELECT referee.clean();
 clean 
-------
 t
(1 row)

SELECT referee.clean();
 clean 
-------
 t
(1 row)

SELECT * FROM referee.decision;
 key | node_id 
-----+---------
(0 rows)

