\! bash sql/backup.sh
###### BACKUP COMMAND TEST-0001 ######
###### full backup mode ######
0
1
3
###### BACKUP COMMAND TEST-0002 ######
###### page-level backup mode ######
0
2
6
###### BACKUP COMMAND TEST-0003 ######
###### full backup with smooth checkpoint ######
0
1
3
###### BACKUP COMMAND TEST-0005 ######
###### switch backup mode from page to full ######
page-level backup without validated full backup
1
0
0
###### BACKUP COMMAND TEST-0006 ######
###### ptrack backup mode ######
0
0
2
6
###### BACKUP COMMAND TEST-0007 ######
###### ptrack multi thread backup mode ######
0
0
2
6
###### BACKUP COMMAND TEST-0008 ######
###### ptrack multi thread backup mode + stream ######
0
0
2
6
