\! bash sql/show.sh
###### SHOW COMMAND TEST-0001 ######
###### Status DONE and OK ######
0
NG: DONE status is not shown.
OK: OK status is shown properly.

###### SHOW COMMAND TEST-0002 ######
###### Status RUNNING  ######
OK: RUNNING status is shown properly.

###### SHOW COMMAND TEST-0003 ######
###### Status CORRUPT ######
0
remove a file from backup intentionally
NG: CORRUPT status is not shown.

